SensorTile_gg.c:103:18:BSP_GG_Init	16	static
SensorTile_gg.c:159:18:BSP_GG_DeInit	8	static
SensorTile_gg.c:198:18:BSP_GG_IsInitialized	0	static
SensorTile_gg.c:226:18:BSP_GG_IsCombo	0	static
SensorTile_gg.c:253:18:BSP_GG_Get_WhoAmI	8	static
SensorTile_gg.c:290:18:BSP_GG_Task	0	static
SensorTile_gg.c:318:18:BSP_GG_Reset	0	static
SensorTile_gg.c:345:18:BSP_GG_Stop	0	static
SensorTile_gg.c:373:18:BSP_GG_GetOCV	0	static
SensorTile_gg.c:401:18:BSP_GG_GetSOC	0	static
SensorTile_gg.c:429:18:BSP_GG_GetChargeValue	0	static
SensorTile_gg.c:457:18:BSP_GG_GetPresence	0	static
SensorTile_gg.c:485:18:BSP_GG_GetCurrent	0	static
SensorTile_gg.c:513:18:BSP_GG_GetVoltage	0	static
SensorTile_gg.c:541:18:BSP_GG_GetTemperature	0	static
SensorTile_gg.c:568:18:BSP_GG_GetRemTime	0	static
SensorTile_gg.c:601:9:Sensor_IO_Write	8	static
SensorTile_gg.c:624:9:Sensor_IO_Read	8	static
