SensorTile_motion_sensors_ex.c:50:9:BSP_MOTION_SENSOR_Enable_6D_Orientation	8	static
SensorTile_motion_sensors_ex.c:94:9:BSP_MOTION_SENSOR_Disable_6D_Orientation	8	static
SensorTile_motion_sensors_ex.c:139:9:BSP_MOTION_SENSOR_Set_6D_Orientation_Threshold	8	static
SensorTile_motion_sensors_ex.c:185:9:BSP_MOTION_SENSOR_Enable_Free_Fall_Detection	8	static
SensorTile_motion_sensors_ex.c:229:9:BSP_MOTION_SENSOR_Disable_Free_Fall_Detection	8	static
SensorTile_motion_sensors_ex.c:274:9:BSP_MOTION_SENSOR_Set_Free_Fall_Threshold	8	static
SensorTile_motion_sensors_ex.c:319:9:BSP_MOTION_SENSOR_Set_Free_Fall_Duration	8	static
SensorTile_motion_sensors_ex.c:364:9:BSP_MOTION_SENSOR_Enable_Pedometer	8	static
SensorTile_motion_sensors_ex.c:413:9:BSP_MOTION_SENSOR_Disable_Pedometer	8	static
SensorTile_motion_sensors_ex.c:458:9:BSP_MOTION_SENSOR_Set_Pedometer_Threshold	8	static
SensorTile_motion_sensors_ex.c:503:9:BSP_MOTION_SENSOR_Reset_Step_Counter	8	static
SensorTile_motion_sensors_ex.c:549:9:BSP_MOTION_SENSOR_Enable_Single_Tap_Detection	8	static
SensorTile_motion_sensors_ex.c:593:9:BSP_MOTION_SENSOR_Disable_Single_Tap_Detection	8	static
SensorTile_motion_sensors_ex.c:639:9:BSP_MOTION_SENSOR_Enable_Double_Tap_Detection	8	static
SensorTile_motion_sensors_ex.c:683:9:BSP_MOTION_SENSOR_Disable_Double_Tap_Detection	8	static
SensorTile_motion_sensors_ex.c:728:9:BSP_MOTION_SENSOR_Set_Tap_Threshold	8	static
SensorTile_motion_sensors_ex.c:773:9:BSP_MOTION_SENSOR_Set_Tap_Shock_Time	8	static
SensorTile_motion_sensors_ex.c:818:9:BSP_MOTION_SENSOR_Set_Tap_Quiet_Time	8	static
SensorTile_motion_sensors_ex.c:863:9:BSP_MOTION_SENSOR_Set_Tap_Duration_Time	8	static
SensorTile_motion_sensors_ex.c:909:9:BSP_MOTION_SENSOR_Enable_Tilt_Detection	8	static
SensorTile_motion_sensors_ex.c:953:9:BSP_MOTION_SENSOR_Disable_Tilt_Detection	8	static
SensorTile_motion_sensors_ex.c:999:9:BSP_MOTION_SENSOR_Enable_Wake_Up_Detection	8	static
SensorTile_motion_sensors_ex.c:1043:9:BSP_MOTION_SENSOR_Disable_Wake_Up_Detection	8	static
SensorTile_motion_sensors_ex.c:1088:9:BSP_MOTION_SENSOR_Set_Wake_Up_Threshold	8	static
SensorTile_motion_sensors_ex.c:1133:9:BSP_MOTION_SENSOR_Set_Wake_Up_Duration	8	static
SensorTile_motion_sensors_ex.c:1178:9:BSP_MOTION_SENSOR_Enable_Inactivity_Detection	8	static
SensorTile_motion_sensors_ex.c:1222:9:BSP_MOTION_SENSOR_Disable_Inactivity_Detection	8	static
SensorTile_motion_sensors_ex.c:1267:9:BSP_MOTION_SENSOR_Set_Sleep_Duration	8	static
SensorTile_motion_sensors_ex.c:1312:9:BSP_MOTION_SENSOR_Get_Event_Status	8	static
SensorTile_motion_sensors_ex.c:1362:9:BSP_MOTION_SENSOR_Get_DRDY_Status	8	static
SensorTile_motion_sensors_ex.c:1439:9:BSP_MOTION_SENSOR_Get_6D_Orientation_XL	8	static
SensorTile_motion_sensors_ex.c:1484:9:BSP_MOTION_SENSOR_Get_6D_Orientation_XH	8	static
SensorTile_motion_sensors_ex.c:1529:9:BSP_MOTION_SENSOR_Get_6D_Orientation_YL	8	static
SensorTile_motion_sensors_ex.c:1574:9:BSP_MOTION_SENSOR_Get_6D_Orientation_YH	8	static
SensorTile_motion_sensors_ex.c:1619:9:BSP_MOTION_SENSOR_Get_6D_Orientation_ZL	8	static
SensorTile_motion_sensors_ex.c:1664:9:BSP_MOTION_SENSOR_Get_6D_Orientation_ZH	8	static
SensorTile_motion_sensors_ex.c:1709:9:BSP_MOTION_SENSOR_Get_Step_Count	8	static
SensorTile_motion_sensors_ex.c:1755:9:BSP_MOTION_SENSOR_Read_Register	8	static
SensorTile_motion_sensors_ex.c:1815:9:BSP_MOTION_SENSOR_Write_Register	8	static
SensorTile_motion_sensors_ex.c:1874:9:BSP_MOTION_SENSOR_FIFO_Get_Num_Samples	8	static
SensorTile_motion_sensors_ex.c:1919:9:BSP_MOTION_SENSOR_FIFO_Get_Full_Status	8	static
SensorTile_motion_sensors_ex.c:1966:9:BSP_MOTION_SENSOR_FIFO_Set_Decimation	8	static
SensorTile_motion_sensors_ex.c:2029:9:BSP_MOTION_SENSOR_FIFO_Set_ODR_Value	8	static
SensorTile_motion_sensors_ex.c:2074:9:BSP_MOTION_SENSOR_FIFO_Set_INT1_FIFO_Full	8	static
SensorTile_motion_sensors_ex.c:2119:9:BSP_MOTION_SENSOR_FIFO_Set_Watermark_Level	8	static
SensorTile_motion_sensors_ex.c:2164:9:BSP_MOTION_SENSOR_FIFO_Set_Stop_On_Fth	8	static
SensorTile_motion_sensors_ex.c:2209:9:BSP_MOTION_SENSOR_FIFO_Set_Mode	8	static
SensorTile_motion_sensors_ex.c:2254:9:BSP_MOTION_SENSOR_FIFO_Get_Pattern	8	static
SensorTile_motion_sensors_ex.c:2301:9:BSP_MOTION_SENSOR_FIFO_Get_Axis	8	static
SensorTile_motion_sensors_ex.c:2366:9:BSP_MOTION_SENSOR_Set_SelfTest	8	static
