DataLog_Manager.c:495:33:Gyro_Sensor_Handler_Light	32	static
DataLog_Manager.c:518:33:Magneto_Sensor_Handler_Light	32	static
DataLog_Manager.c:111:6:set_i2c_handle	0	static
DataLog_Manager.c:120:6:AudioProcess_SD_Recording	12	static
DataLog_Manager.c:150:6:openFileAudio	16	static
DataLog_Manager.c:175:6:closeFileAudio	8	static
DataLog_Manager.c:282:6:openFile	24	static
DataLog_Manager.c:306:6:closeFile	8	static
DataLog_Manager.c:186:6:SD_CardLoggingMemsData	184	static
DataLog_Manager.c:317:6:SD_CardLoggingMemsStart	24	static
DataLog_Manager.c:389:6:SD_CardLoggingMemsStop	16	static
