datalog_application.c:786:13:floatToInt	24	static
datalog_application.c:108:6:DATALOG_SD_Init	8	static
datalog_application.c:134:9:DATALOG_SD_Log_Enable	56	static
datalog_application.c:224:9:DATALOG_SD_LogAudio_Enable	64	static
datalog_application.c:275:6:DATALOG_SD_DeInit	0	static
datalog_application.c:285:6:DATALOG_SD_Log_Disable	8	static
datalog_application.c:298:6:DATALOG_SD_LogAudio_Disable	24	static
datalog_application.c:327:6:writeAudio_on_sd	16	static
datalog_application.c:345:6:DATALOG_SD_NewLine	16	static
datalog_application.c:351:6:saveData	232	static
datalog_application.c:450:6:uSdWriteSpeedTest	8	static
