DataLog_Manager.c:461:33:Gyro_Sensor_Handler_Light	32	static
DataLog_Manager.c:484:33:Magneto_Sensor_Handler_Light	32	static
DataLog_Manager.c:111:6:AudioProcess_SD_Recording	12	static
DataLog_Manager.c:141:6:openFileAudio	16	static
DataLog_Manager.c:166:6:closeFileAudio	8	static
DataLog_Manager.c:265:6:openFile	24	static
DataLog_Manager.c:289:6:closeFile	8	static
DataLog_Manager.c:177:6:SD_CardLoggingMemsData	168	static
DataLog_Manager.c:300:6:SD_CardLoggingMemsStart	24	static
DataLog_Manager.c:372:6:SD_CardLoggingMemsStop	16	static
