HWAdvanceFeatures.c:58:6:InitHWFeatures	0	static
HWAdvanceFeatures.c:126:6:DisableHWOrientation6D	8	static
HWAdvanceFeatures.c:145:14:GetHWOrientation6D	24	static
HWAdvanceFeatures.c:223:6:DisableHWTilt	8	static
HWAdvanceFeatures.c:263:6:DisableHWWakeUp	8	static
HWAdvanceFeatures.c:306:6:DisableHWFreeFall	8	static
HWAdvanceFeatures.c:358:6:DisableHWDoubleTap	8	static
HWAdvanceFeatures.c:397:6:DisableHWSingleTap	8	static
HWAdvanceFeatures.c:435:6:DisableHWPedometer	8	static
HWAdvanceFeatures.c:68:6:DisableHWFeatures	8	static
HWAdvanceFeatures.c:106:6:EnableHWOrientation6D	8	static
HWAdvanceFeatures.c:203:6:EnableHWTilt	8	static
HWAdvanceFeatures.c:243:6:EnableHWWakeUp	8	static
HWAdvanceFeatures.c:282:6:EnableHWFreeFall	8	static
HWAdvanceFeatures.c:325:6:EnableHWDoubleTap	8	static
HWAdvanceFeatures.c:377:6:EnableHWSingleTap	8	static
HWAdvanceFeatures.c:416:6:EnableHWPedometer	8	static
HWAdvanceFeatures.c:453:6:ResetHWPedometer	0	static
HWAdvanceFeatures.c:467:10:GetStepHWPedometer	16	static
HWAdvanceFeatures.c:485:6:EnableHWMultipleEvents	8	static
HWAdvanceFeatures.c:512:6:DisableHWMultipleEvents	8	static
