main.c:931:6:Set2GAccelerometerFullScale	8	static
main.c:946:6:Set4GAccelerometerFullScale	8	static
main.c:961:6:HAL_TIM_OC_DelayElapsedCallback	16	static
main.c:1060:6:HAL_TIM_PeriodElapsedCallback	0	static
main.c:1722:9:CollectData	40	static
main.c:1762:6:GetEstimatedMeasTime	24	static
main.c:1862:6:AudioProcess_DB_Noise	8	static
main.c:1832:6:AudioProcess	8	static
main.c:1905:6:BSP_AUDIO_IN_HalfTransfer_CallBack	0	static
main.c:1915:6:BSP_AUDIO_IN_TransferComplete_CallBack	0	static
main.c:1928:6:ReadEnvironmentalData	48	static
main.c:2671:6:RTC_DataConfig	16	static
main.c:2696:6:RTC_TimeConfig	32	static
main.c:2721:6:RTC_AlarmConfig	88	static
main.c:2847:6:HAL_RTC_AlarmAEventCallback	0	static
main.c:2857:6:RTC_GetCurrentDateTime	8	static
main.c:2874:6:HAL_Delay	16	static,ignoring_inline_asm
main.c:506:5:main	336	static,ignoring_inline_asm
main.c:2888:6:Error_Handler	0	static
main.c:2900:6:HAL_GPIO_EXTI_Callback	8	static
main.c:2972:15:ReCallAccellerometerCalibrationFromMemory	16	static
main.c:2999:15:SaveAccellerometerCalibrationToMemory	8	static
main.c:3035:15:ResetAccellerometerCalibrationInMemory	8	static
main.c:3106:15:ReCallMagnetoCalibrationFromMemory	16	static
main.c:3130:15:SaveMagnetoCalibrationToMemory	8	static
