main.c:985:6:Set2GAccelerometerFullScale	8	static
main.c:1000:6:Set4GAccelerometerFullScale	8	static
main.c:1015:6:HAL_TIM_OC_DelayElapsedCallback	16	static
main.c:1114:6:HAL_TIM_PeriodElapsedCallback	0	static
main.c:1776:9:CollectData	40	static
main.c:1816:6:GetEstimatedMeasTime	24	static
main.c:1916:6:AudioProcess_DB_Noise	8	static
main.c:1886:6:AudioProcess	8	static
main.c:1959:6:BSP_AUDIO_IN_HalfTransfer_CallBack	0	static
main.c:1969:6:BSP_AUDIO_IN_TransferComplete_CallBack	0	static
main.c:1982:6:ReadEnvironmentalData	48	static
main.c:2728:6:RTC_DataConfig	16	static
main.c:2753:6:RTC_TimeConfig	32	static
main.c:2778:6:RTC_AlarmConfig	88	static
main.c:2904:6:HAL_RTC_AlarmAEventCallback	0	static
main.c:2914:6:RTC_GetCurrentDateTime	8	static
main.c:2931:6:HAL_Delay	16	static,ignoring_inline_asm
main.c:510:5:main	328	static,ignoring_inline_asm
main.c:2945:6:Error_Handler	0	static
main.c:2957:6:HAL_GPIO_EXTI_Callback	8	static
main.c:3029:15:ReCallAccellerometerCalibrationFromMemory	16	static
main.c:3056:15:SaveAccellerometerCalibrationToMemory	8	static
main.c:3092:15:ResetAccellerometerCalibrationInMemory	8	static
main.c:3163:15:ReCallMagnetoCalibrationFromMemory	16	static
main.c:3187:15:SaveMagnetoCalibrationToMemory	8	static
