main.c:988:6:Set2GAccelerometerFullScale	8	static
main.c:1003:6:Set4GAccelerometerFullScale	8	static
main.c:1018:6:HAL_TIM_OC_DelayElapsedCallback	16	static
main.c:1117:6:HAL_TIM_PeriodElapsedCallback	0	static
main.c:1786:9:CollectData	40	static
main.c:1826:6:GetEstimatedMeasTime	24	static
main.c:1926:6:AudioProcess_DB_Noise	8	static
main.c:1896:6:AudioProcess	8	static
main.c:1969:6:BSP_AUDIO_IN_HalfTransfer_CallBack	0	static
main.c:1979:6:BSP_AUDIO_IN_TransferComplete_CallBack	0	static
main.c:1992:6:ReadEnvironmentalData	48	static
main.c:2743:6:RTC_DataConfig	16	static
main.c:2768:6:RTC_TimeConfig	32	static
main.c:2793:6:RTC_AlarmConfig	88	static
main.c:2919:6:HAL_RTC_AlarmAEventCallback	0	static
main.c:2929:6:RTC_GetCurrentDateTime	8	static
main.c:2946:6:HAL_Delay	16	static,ignoring_inline_asm
main.c:511:5:main	328	static,ignoring_inline_asm
main.c:2960:6:Error_Handler	0	static
main.c:2972:6:HAL_GPIO_EXTI_Callback	8	static
main.c:3044:15:ReCallAccellerometerCalibrationFromMemory	16	static
main.c:3071:15:SaveAccellerometerCalibrationToMemory	8	static
main.c:3107:15:ResetAccellerometerCalibrationInMemory	8	static
main.c:3178:15:ReCallMagnetoCalibrationFromMemory	16	static
main.c:3202:15:SaveMagnetoCalibrationToMemory	8	static
