MotionFX_Manager.c:79:6:MotionFX_manager_init	56	static
MotionFX_Manager.c:133:6:MotionFX_manager_run	24	static
MotionFX_Manager.c:161:6:MotionFX_manager_start_6X	0	static
MotionFX_Manager.c:170:6:MotionFX_manager_stop_6X	0	static
MotionFX_Manager.c:179:6:MotionFX_manager_start_9X	0	static
MotionFX_Manager.c:188:6:MotionFX_manager_stop_9X	0	static
MotionFX_Manager.c:198:15:MotionFX_manager_getDataOUT	0	static
MotionFX_Manager.c:208:14:MotionFX_manager_getDataIN	0	static
MotionFX_Manager.c:218:6:MotionFX_manager_MagCal_run	8	static
MotionFX_Manager.c:230:6:MotionFX_manager_MagCal_start	0	static
MotionFX_Manager.c:241:6:MotionFX_manager_MagCal_stop	0	static
MotionFX_Manager.c:253:6:MotionFX_LoadMagCalFromNVM	0	static
MotionFX_Manager.c:266:6:MotionFX_SaveMagCalInNVM	0	static
