sensor_service.c:332:12:safe_aci_gatt_update_char_value	24	static
sensor_service.c:363:12:Add_ConfigW2ST_Service	56	static
sensor_service.c:399:12:Add_ConsoleW2ST_Service	72	static
sensor_service.c:447:12:Stderr_Update	40	static
sensor_service.c:478:12:Term_Update	40	static
sensor_service.c:2655:13:PoseEstimation_AttributeModified_CB	16	static
sensor_service.c:2716:13:StandingSittingDesk_AttributeModified_CB	16	static
sensor_service.c:2836:13:VerticalContext_AttributeModified_CB	16	static
sensor_service.c:2970:13:MotionAlgorithmManage_AttributeModified_CB	0	static
sensor_service.c:550:12:Quat_Update	40	static
sensor_service.c:604:12:ECompass_Update	24	static
sensor_service.c:634:12:ActivityRec_Update	24	static
sensor_service.c:695:12:FitnessActivities_Update	32	static
sensor_service.c:726:12:GestureRec_Update	24	static
sensor_service.c:756:12:IntensityDet_Update	24	static
sensor_service.c:786:12:TiltMeasurement_Update	48	static
sensor_service.c:850:12:MotionAlgorithm_Update	32	static
sensor_service.c:882:12:Config_Notify	32	static
sensor_service.c:3622:17:ConfigCommandParsing.isra.0	24	static
sensor_service.c:3051:17:DebugConsoleCommandParsing	120	static
sensor_service.c:910:12:AccEvent_Notify	32	static
sensor_service.c:950:12:SD_CardLoggingStatus_Notify	40	static
sensor_service.c:3968:17:SD_CardLogging_CommandParsing.isra.0	8	static
sensor_service.c:2255:13:SD_CardLogging_AttributeModified_CB.isra.0	8	static
sensor_service.c:979:12:Add_HW_SW_ServW2ST_Service	80	static
sensor_service.c:1285:12:AccGyroMag_Update	64	static
sensor_service.c:1348:12:Environmental_Update	56	static
sensor_service.c:1414:12:AudioLevel_Update	24	static
sensor_service.c:1443:12:BatteryReport_Update	40	static
sensor_service.c:1494:6:setConnectable	96	static
sensor_service.c:1781:6:Read_Request_CB	40	static
sensor_service.c:1870:6:Attribute_Modified_CB	40	static
sensor_service.c:4015:6:HCI_Event_CB	32	static
