sensor_service.c:330:12:safe_aci_gatt_update_char_value	24	static
sensor_service.c:361:12:Add_ConfigW2ST_Service	56	static
sensor_service.c:397:12:Add_ConsoleW2ST_Service	72	static
sensor_service.c:445:12:Stderr_Update	40	static
sensor_service.c:476:12:Term_Update	40	static
sensor_service.c:2645:13:PoseEstimation_AttributeModified_CB	16	static
sensor_service.c:2706:13:StandingSittingDesk_AttributeModified_CB	16	static
sensor_service.c:2826:13:VerticalContext_AttributeModified_CB	16	static
sensor_service.c:2960:13:MotionAlgorithmManage_AttributeModified_CB	0	static
sensor_service.c:548:12:Quat_Update	40	static
sensor_service.c:602:12:ECompass_Update	24	static
sensor_service.c:632:12:ActivityRec_Update	24	static
sensor_service.c:693:12:FitnessActivities_Update	32	static
sensor_service.c:724:12:GestureRec_Update	24	static
sensor_service.c:754:12:IntensityDet_Update	24	static
sensor_service.c:784:12:TiltMeasurement_Update	48	static
sensor_service.c:848:12:MotionAlgorithm_Update	32	static
sensor_service.c:880:12:Config_Notify	32	static
sensor_service.c:3612:17:ConfigCommandParsing.isra.0	24	static
sensor_service.c:3041:17:DebugConsoleCommandParsing	120	static
sensor_service.c:908:12:AccEvent_Notify	32	static
sensor_service.c:948:12:SD_CardLoggingStatus_Notify	40	static
sensor_service.c:3958:17:SD_CardLogging_CommandParsing.isra.0	8	static
sensor_service.c:2245:13:SD_CardLogging_AttributeModified_CB.isra.0	8	static
sensor_service.c:977:12:Add_HW_SW_ServW2ST_Service	80	static
sensor_service.c:1283:12:AccGyroMag_Update	48	static
sensor_service.c:1338:12:Environmental_Update	56	static
sensor_service.c:1404:12:AudioLevel_Update	24	static
sensor_service.c:1433:12:BatteryReport_Update	40	static
sensor_service.c:1484:6:setConnectable	96	static
sensor_service.c:1771:6:Read_Request_CB	40	static
sensor_service.c:1860:6:Attribute_Modified_CB	40	static
sensor_service.c:4005:6:HCI_Event_CB	32	static
