stm32l4xx_it.c:76:6:NMI_Handler	0	static
stm32l4xx_it.c:85:6:HardFault_Handler	0	static
stm32l4xx_it.c:98:6:MemManage_Handler	0	static
stm32l4xx_it.c:111:6:BusFault_Handler	0	static
stm32l4xx_it.c:124:6:UsageFault_Handler	0	static
stm32l4xx_it.c:137:6:SVC_Handler	0	static
stm32l4xx_it.c:146:6:DebugMon_Handler	0	static
stm32l4xx_it.c:155:6:PendSV_Handler	0	static
stm32l4xx_it.c:164:6:SysTick_Handler	0	static
stm32l4xx_it.c:193:6:TIM4_IRQHandler	0	static
stm32l4xx_it.c:203:6:TIM5_IRQHandler	0	static
stm32l4xx_it.c:213:6:TIM1_CC_IRQHandler	0	static
stm32l4xx_it.c:224:6:TIM2_IRQHandler	0	static
stm32l4xx_it.c:234:6:DMA2_Channel2_IRQHandler	0	static
stm32l4xx_it.c:244:6:RTC_Alarm_IRQHandler	0	static
stm32l4xx_it.c:255:6:DMA1_Channel4_IRQHandler	0	static
stm32l4xx_it.c:266:6:EXTI3_IRQHandler	8	static
stm32l4xx_it.c:279:6:EXTI9_5_IRQHandler	0	static
stm32l4xx_it.c:290:6:EXTI2_IRQHandler	0	static
