usbd_conf.c:71:6:HAL_PCD_SetupStageCallback	0	static
usbd_conf.c:82:6:HAL_PCD_DataOutStageCallback	0	static
usbd_conf.c:93:6:HAL_PCD_DataInStageCallback	0	static
usbd_conf.c:103:6:HAL_PCD_SOFCallback	0	static
usbd_conf.c:113:6:HAL_PCD_ResetCallback	8	static
usbd_conf.c:127:6:HAL_PCD_SuspendCallback	0	static
usbd_conf.c:137:6:HAL_PCD_ResumeCallback	0	static
usbd_conf.c:148:6:HAL_PCD_ISOOUTIncompleteCallback	0	static
usbd_conf.c:159:6:HAL_PCD_ISOINIncompleteCallback	0	static
usbd_conf.c:169:6:HAL_PCD_ConnectCallback	0	static
usbd_conf.c:179:6:HAL_PCD_DisconnectCallback	0	static
usbd_conf.c:194:20:USBD_LL_Init	16	static
usbd_conf.c:227:20:USBD_LL_DeInit	8	static
usbd_conf.c:238:20:USBD_LL_Start	8	static
usbd_conf.c:249:20:USBD_LL_Stop	8	static
usbd_conf.c:263:20:USBD_LL_OpenEP	8	static
usbd_conf.c:282:20:USBD_LL_CloseEP	8	static
usbd_conf.c:294:20:USBD_LL_FlushEP	8	static
usbd_conf.c:306:20:USBD_LL_StallEP	8	static
usbd_conf.c:318:20:USBD_LL_ClearStallEP	8	static
usbd_conf.c:330:9:USBD_LL_IsStallEP	0	static
usbd_conf.c:350:20:USBD_LL_SetUSBAddress	8	static
usbd_conf.c:364:20:USBD_LL_Transmit	8	static
usbd_conf.c:381:20:USBD_LL_PrepareReceive	8	static
usbd_conf.c:396:10:USBD_LL_GetRxDataSize	0	static
usbd_conf.c:406:6:USBD_LL_Delay	0	static
